2026-08-11 08:53:48,171 - aqt.main - INFO - installer 139727690333120 aqtinstall(aqt) v3.3.0 on Python 3.14.6 [CPython GCC 16.1.1 20260430]
2026-08-11 08:54:11,971 - aqt.helper - DEBUG - helper 140348503305152 Attempt to download checksum at https://download.qt.io/online/qtsdkrepository/linux_x64/android/qt6_663_armv7/Updates.xml.sha256
2026-08-11 08:54:15,455 - aqt.helper - DEBUG - helper 140348503305152 Attempt to download checksum at https://download.qt.io/online/qtsdkrepository/linux_x64/android/qt6_663_arm64_v8a/Updates.xml.sha256
2026-08-11 08:54:17,952 - aqt.helper - DEBUG - helper 140348503305152 Attempt to download checksum at https://download.qt.io/online/qtsdkrepository/linux_x64/android/qt6_663_x86_64/Updates.xml.sha256
2026-08-11 08:54:21,105 - aqt.helper - DEBUG - helper 140348503305152 Attempt to download checksum at https://download.qt.io/online/qtsdkrepository/linux_x64/android/qt6_663_x86/Updates.xml.sha256
2026-08-11 08:54:24,425 - aqt.helper - DEBUG - helper 140133394549696 Attempt to download checksum at https://download.qt.io/online/qtsdkrepository/linux_x64/android/qt6_663_arm64_v8a/Updates.xml.sha256
2026-08-11 08:58:36,558 - aqt.helper - DEBUG - helper 139625025665984 Attempt to download checksum at https://download.qt.io/online/qtsdkrepository/linux_x64/desktop/qt6_663/Updates.xml.sha256
2026-08-11 08:58:39,152 - aqt.helper - DEBUG - helper 139625025665984 Attempt to download checksum at https://download.qt.io/online/qtsdkrepository/linux_x64/desktop/qt6_663_wasm_singlethread/Updates.xml.sha256
2026-08-11 08:58:41,802 - aqt.helper - DEBUG - helper 139625025665984 Attempt to download checksum at https://download.qt.io/online/qtsdkrepository/linux_x64/desktop/qt6_663_wasm_multithread/Updates.xml.sha256
2026-08-11 17:36:08,312 - aqt.helper - DEBUG - helper 139840670337984 Attempt to download checksum at https://download.qt.io/online/qtsdkrepository/linux_x64/android/qt6_663_arm64_v8a/Updates.xml.sha256
2026-08-12 20:54:22,832 - aqt.main - INFO - installer 140606522366912 aqtinstall(aqt) v3.3.0 on Python 3.14.6 [CPython GCC 16.1.1 20260430]
2026-08-12 20:54:22,832 - aqt.main - INFO - installer 140606522366912 Found installed linux-desktop Qt at /home/lanrhyme/Qt6/6.6.3/gcc_64
2026-08-12 20:54:22,833 - aqt.helper - DEBUG - helper 140606522366912 Attempt to download checksum at https://download.qt.io/online/qtsdkrepository/linux_x64/android/qt6_663/Updates.xml.sha256
2026-08-12 20:54:29,132 - aqt.main - ERROR - installer 140606522366912 The packages ['qt5compat', 'qt_base', 'qtshadertools'] were not found while parsing XML of package information!
==============================Suggested follow-up:==============================
* Please use 'aqt list-qt linux android --arch 6.6.3' to show architectures available.
* Please use 'aqt list-qt linux android --modules 6.6.3 <arch>' to show modules available.
2026-08-12 20:54:48,039 - aqt.helper - DEBUG - helper 140234261064640 Attempt to download checksum at https://download.qt.io/online/qtsdkrepository/linux_x64/android/qt6_663_armv7/Updates.xml.sha256
2026-08-12 20:54:51,766 - aqt.helper - DEBUG - helper 140234261064640 Attempt to download checksum at https://download.qt.io/online/qtsdkrepository/linux_x64/android/qt6_663_arm64_v8a/Updates.xml.sha256
2026-08-12 20:54:55,061 - aqt.helper - DEBUG - helper 140234261064640 Attempt to download checksum at https://download.qt.io/online/qtsdkrepository/linux_x64/android/qt6_663_x86_64/Updates.xml.sha256
2026-08-12 20:55:00,485 - aqt.helper - DEBUG - helper 140234261064640 Attempt to download checksum at https://download.qt.io/online/qtsdkrepository/linux_x64/android/qt6_663_x86/Updates.xml.sha256
2026-08-12 20:55:08,007 - aqt.helper - DEBUG - helper 139873169693632 Attempt to download checksum at https://download.qt.io/online/qtsdkrepository/linux_x64/android/qt6_663/Updates.xml.sha256
2026-08-12 20:55:13,469 - aqt.main - ERROR - installer 139873169693632 No modules available for this request.
==============================Suggested follow-up:==============================
* Please use 'aqt list-qt linux android' to show versions of Qt available.
* Please use 'aqt list-qt linux android --arch <QT_VERSION>' to list valid architectures.
2026-08-12 20:55:23,122 - aqt.helper - DEBUG - helper 140683586444224 Attempt to download checksum at https://download.qt.io/online/qtsdkrepository/linux_x64/android/qt6_663_x86_64/Updates.xml.sha256
2026-08-12 20:55:37,684 - aqt.main - INFO - installer 140594444712896 aqtinstall(aqt) v3.3.0 on Python 3.14.6 [CPython GCC 16.1.1 20260430]
2026-08-12 20:55:37,684 - aqt.main - INFO - installer 140594444712896 Found installed linux-desktop Qt at /home/lanrhyme/Qt6/6.6.3/gcc_64
2026-08-12 20:55:37,685 - aqt.helper - DEBUG - helper 140594444712896 Attempt to download checksum at https://download.qt.io/online/qtsdkrepository/linux_x64/android/qt6_663_x86_64/Updates.xml.sha256
2026-08-12 20:55:41,252 - aqt.helper - DEBUG - helper 139872183598016 Attempt to download checksum at https://download.qt.io/online/qtsdkrepository/linux_x64/android/qt6_663_x86_64/qt.qt6.663.android_x86_64/6.6.3-0-202403191846qtbase-Linux-RHEL_8_8-Clang-Android-Android_ANY-X86_64.7z.sha256
2026-08-12 20:55:41,265 - aqt.helper - DEBUG - helper 140037558926272 Attempt to download checksum at https://download.qt.io/online/qtsdkrepository/linux_x64/android/qt6_663_x86_64/qt.qt6.663.android_x86_64/6.6.3-0-202403191846qtsvg-Linux-RHEL_8_8-Clang-Android-Android_ANY-X86_64.7z.sha256
2026-08-12 20:55:41,275 - aqt.helper - DEBUG - helper 139913315285952 Attempt to download checksum at https://download.qt.io/online/qtsdkrepository/linux_x64/android/qt6_663_x86_64/qt.qt6.663.android_x86_64/6.6.3-0-202403191846qtdeclarative-Linux-RHEL_8_8-Clang-Android-Android_ANY-X86_64.7z.sha256
2026-08-12 20:55:41,285 - aqt.helper - DEBUG - helper 140584095435712 Attempt to download checksum at https://download.qt.io/online/qtsdkrepository/linux_x64/android/qt6_663_x86_64/qt.qt6.663.android_x86_64/6.6.3-0-202403191846qttools-Linux-RHEL_8_8-Clang-Android-Android_ANY-X86_64.7z.sha256
2026-08-12 20:55:42,932 - aqt.helper - INFO - helper 139872183598016 Downloading qtbase...
2026-08-12 20:55:42,933 - aqt.helper - INFO - helper 139913315285952 Downloading qtdeclarative...
2026-08-12 20:55:42,933 - aqt.installer - DEBUG - installer 139872183598016 Download URL: https://download.qt.io/online/qtsdkrepository/linux_x64/android/qt6_663_x86_64/qt.qt6.663.android_x86_64/6.6.3-0-202403191846qtbase-Linux-RHEL_8_8-Clang-Android-Android_ANY-X86_64.7z
2026-08-12 20:55:42,933 - aqt.installer - DEBUG - installer 139913315285952 Download URL: https://download.qt.io/online/qtsdkrepository/linux_x64/android/qt6_663_x86_64/qt.qt6.663.android_x86_64/6.6.3-0-202403191846qtdeclarative-Linux-RHEL_8_8-Clang-Android-Android_ANY-X86_64.7z
2026-08-12 20:55:43,031 - aqt.helper - INFO - helper 140037558926272 Downloading qtsvg...
2026-08-12 20:55:43,031 - aqt.helper - INFO - helper 140584095435712 Downloading qttools...
2026-08-12 20:55:43,031 - aqt.installer - DEBUG - installer 140037558926272 Download URL: https://download.qt.io/online/qtsdkrepository/linux_x64/android/qt6_663_x86_64/qt.qt6.663.android_x86_64/6.6.3-0-202403191846qtsvg-Linux-RHEL_8_8-Clang-Android-Android_ANY-X86_64.7z
2026-08-12 20:55:43,032 - aqt.installer - DEBUG - installer 140584095435712 Download URL: https://download.qt.io/online/qtsdkrepository/linux_x64/android/qt6_663_x86_64/qt.qt6.663.android_x86_64/6.6.3-0-202403191846qttools-Linux-RHEL_8_8-Clang-Android-Android_ANY-X86_64.7z
2026-08-12 20:55:44,651 - aqt.helper - DEBUG - helper 139913315285952 Asked to redirect(302) to: https://mirror.ossplanet.net/qtproject/online/qtsdkrepository/linux_x64/android/qt6_663_x86_64/qt.qt6.663.android_x86_64/6.6.3-0-202403191846qtdeclarative-Linux-RHEL_8_8-Clang-Android-Android_ANY-X86_64.7z
2026-08-12 20:55:44,652 - aqt.helper - INFO - helper 139913315285952 Redirected: mirror.ossplanet.net
2026-08-12 20:55:44,867 - aqt.helper - DEBUG - helper 140037558926272 Asked to redirect(302) to: https://mirror.ossplanet.net/qtproject/online/qtsdkrepository/linux_x64/android/qt6_663_x86_64/qt.qt6.663.android_x86_64/6.6.3-0-202403191846qtsvg-Linux-RHEL_8_8-Clang-Android-Android_ANY-X86_64.7z
2026-08-12 20:55:44,867 - aqt.helper - INFO - helper 140037558926272 Redirected: mirror.ossplanet.net
2026-08-12 20:55:44,922 - aqt.helper - DEBUG - helper 139872183598016 Asked to redirect(302) to: https://mirror.ossplanet.net/qtproject/online/qtsdkrepository/linux_x64/android/qt6_663_x86_64/qt.qt6.663.android_x86_64/6.6.3-0-202403191846qtbase-Linux-RHEL_8_8-Clang-Android-Android_ANY-X86_64.7z
2026-08-12 20:55:44,922 - aqt.helper - INFO - helper 139872183598016 Redirected: mirror.ossplanet.net
2026-08-12 20:55:45,156 - aqt.helper - DEBUG - helper 140584095435712 Asked to redirect(302) to: https://mirror.ossplanet.net/qtproject/online/qtsdkrepository/linux_x64/android/qt6_663_x86_64/qt.qt6.663.android_x86_64/6.6.3-0-202403191846qttools-Linux-RHEL_8_8-Clang-Android-Android_ANY-X86_64.7z
2026-08-12 20:55:45,156 - aqt.helper - INFO - helper 140584095435712 Redirected: mirror.ossplanet.net
2026-08-12 20:55:59,426 - aqt.helper - WARNING - helper 139913315285952 Connection to 'https://download.qt.io' failed. Retrying with fallback 'https://qt-mirror.dannhauer.de/'.
2026-08-12 20:55:59,426 - aqt.installer - DEBUG - installer 139913315285952 Download URL: https://qt-mirror.dannhauer.de/online/qtsdkrepository/linux_x64/android/qt6_663_x86_64/qt.qt6.663.android_x86_64/6.6.3-0-202403191846qtdeclarative-Linux-RHEL_8_8-Clang-Android-Android_ANY-X86_64.7z
2026-08-12 20:56:05,165 - aqt.helper - WARNING - helper 140584095435712 Connection to 'https://download.qt.io' failed. Retrying with fallback 'https://ftp.jaist.ac.jp/pub/qtproject/'.
2026-08-12 20:56:05,165 - aqt.installer - DEBUG - installer 140584095435712 Download URL: https://ftp.jaist.ac.jp/pub/qtproject/online/qtsdkrepository/linux_x64/android/qt6_663_x86_64/qt.qt6.663.android_x86_64/6.6.3-0-202403191846qttools-Linux-RHEL_8_8-Clang-Android-Android_ANY-X86_64.7z
2026-08-12 20:56:07,694 - aqt.helper - WARNING - helper 139872183598016 Connection to 'https://download.qt.io' failed. Retrying with fallback 'https://ftp.yz.yamagata-u.ac.jp/pub/qtproject/'.
2026-08-12 20:56:07,694 - aqt.installer - DEBUG - installer 139872183598016 Download URL: https://ftp.yz.yamagata-u.ac.jp/pub/qtproject/online/qtsdkrepository/linux_x64/android/qt6_663_x86_64/qt.qt6.663.android_x86_64/6.6.3-0-202403191846qtbase-Linux-RHEL_8_8-Clang-Android-Android_ANY-X86_64.7z
2026-08-12 20:56:07,696 - aqt.helper - WARNING - helper 140037558926272 Connection to 'https://download.qt.io' failed. Retrying with fallback 'https://qt-mirror.dannhauer.de/'.
2026-08-12 20:56:07,696 - aqt.installer - DEBUG - installer 140037558926272 Download URL: https://qt-mirror.dannhauer.de/online/qtsdkrepository/linux_x64/android/qt6_663_x86_64/qt.qt6.663.android_x86_64/6.6.3-0-202403191846qtsvg-Linux-RHEL_8_8-Clang-Android-Android_ANY-X86_64.7z
2026-08-12 20:56:11,345 - aqt.helper - DEBUG - helper 139913315285952 Attempt to download checksum at https://download.qt.io/online/qtsdkrepository/linux_x64/android/qt6_663_x86_64/qt.qt6.663.android_x86_64/6.6.3-0-202403191846qttranslations-Linux-RHEL_8_8-Clang-Android-Android_ANY-X86_64.7z.sha256
2026-08-12 20:56:15,409 - aqt.helper - INFO - helper 139913315285952 Downloading qttranslations...
2026-08-12 20:56:15,409 - aqt.installer - DEBUG - installer 139913315285952 Download URL: https://download.qt.io/online/qtsdkrepository/linux_x64/android/qt6_663_x86_64/qt.qt6.663.android_x86_64/6.6.3-0-202403191846qttranslations-Linux-RHEL_8_8-Clang-Android-Android_ANY-X86_64.7z
2026-08-12 20:56:18,963 - aqt.helper - DEBUG - helper 139913315285952 Asked to redirect(302) to: https://mirror.ossplanet.net/qtproject/online/qtsdkrepository/linux_x64/android/qt6_663_x86_64/qt.qt6.663.android_x86_64/6.6.3-0-202403191846qttranslations-Linux-RHEL_8_8-Clang-Android-Android_ANY-X86_64.7z
2026-08-12 20:56:18,963 - aqt.helper - INFO - helper 139913315285952 Redirected: mirror.ossplanet.net
2026-08-12 20:56:19,559 - aqt.helper - DEBUG - helper 140037558926272 Attempt to download checksum at https://download.qt.io/online/qtsdkrepository/linux_x64/android/qt6_663_x86_64/qt.qt6.663.qt5compat.android_x86_64/6.6.3-0-202403191846qt5compat-Linux-RHEL_8_8-Clang-Android-Android_ANY-X86_64.7z.sha256
2026-08-12 20:56:22,654 - aqt.helper - INFO - helper 140037558926272 Downloading qt5compat...
2026-08-12 20:56:22,654 - aqt.installer - DEBUG - installer 140037558926272 Download URL: https://download.qt.io/online/qtsdkrepository/linux_x64/android/qt6_663_x86_64/qt.qt6.663.qt5compat.android_x86_64/6.6.3-0-202403191846qt5compat-Linux-RHEL_8_8-Clang-Android-Android_ANY-X86_64.7z
2026-08-12 20:56:26,886 - aqt.helper - DEBUG - helper 140037558926272 Asked to redirect(302) to: https://mirror.ossplanet.net/qtproject/online/qtsdkrepository/linux_x64/android/qt6_663_x86_64/qt.qt6.663.qt5compat.android_x86_64/6.6.3-0-202403191846qt5compat-Linux-RHEL_8_8-Clang-Android-Android_ANY-X86_64.7z
2026-08-12 20:56:26,887 - aqt.helper - INFO - helper 140037558926272 Redirected: mirror.ossplanet.net
2026-08-12 20:56:32,595 - aqt.installer - INFO - installer 140584095435712 Finished installation of qttools-Linux-RHEL_8_8-Clang-Android-Android_ANY-X86_64.7z in 51.31113349
2026-08-12 20:56:32,610 - aqt.helper - DEBUG - helper 140584095435712 Attempt to download checksum at https://download.qt.io/online/qtsdkrepository/linux_x64/android/qt6_663_x86_64/qt.qt6.663.qtshadertools.android_x86_64/6.6.3-0-202403191846qtshadertools-Linux-RHEL_8_8-Clang-Android-Android_ANY-X86_64.7z.sha256
2026-08-12 20:56:36,132 - aqt.helper - INFO - helper 140584095435712 Downloading qtshadertools...
2026-08-12 20:56:36,132 - aqt.installer - DEBUG - installer 140584095435712 Download URL: https://download.qt.io/online/qtsdkrepository/linux_x64/android/qt6_663_x86_64/qt.qt6.663.qtshadertools.android_x86_64/6.6.3-0-202403191846qtshadertools-Linux-RHEL_8_8-Clang-Android-Android_ANY-X86_64.7z
2026-08-12 20:56:37,615 - aqt.helper - DEBUG - helper 140584095435712 Asked to redirect(302) to: https://mirror.ossplanet.net/qtproject/online/qtsdkrepository/linux_x64/android/qt6_663_x86_64/qt.qt6.663.qtshadertools.android_x86_64/6.6.3-0-202403191846qtshadertools-Linux-RHEL_8_8-Clang-Android-Android_ANY-X86_64.7z
2026-08-12 20:56:37,616 - aqt.helper - INFO - helper 140584095435712 Redirected: mirror.ossplanet.net
2026-08-12 20:56:40,357 - aqt.helper - WARNING - helper 139913315285952 Connection to 'https://download.qt.io' failed. Retrying with fallback 'https://ftp1.nluug.nl/languages/qt/'.
2026-08-12 20:56:40,357 - aqt.installer - DEBUG - installer 139913315285952 Download URL: https://ftp1.nluug.nl/languages/qt/online/qtsdkrepository/linux_x64/android/qt6_663_x86_64/qt.qt6.663.android_x86_64/6.6.3-0-202403191846qttranslations-Linux-RHEL_8_8-Clang-Android-Android_ANY-X86_64.7z
2026-08-12 20:56:51,030 - aqt.helper - WARNING - helper 140037558926272 Connection to 'https://download.qt.io' failed. Retrying with fallback 'https://qt.mirror.constant.com/'.
2026-08-12 20:56:51,030 - aqt.installer - DEBUG - installer 140037558926272 Download URL: https://qt.mirror.constant.com/online/qtsdkrepository/linux_x64/android/qt6_663_x86_64/qt.qt6.663.qt5compat.android_x86_64/6.6.3-0-202403191846qt5compat-Linux-RHEL_8_8-Clang-Android-Android_ANY-X86_64.7z
2026-08-12 20:56:57,941 - aqt.installer - INFO - installer 140037558926272 Finished installation of qt5compat-Linux-RHEL_8_8-Clang-Android-Android_ANY-X86_64.7z in 38.38522201
2026-08-12 20:57:01,733 - aqt.helper - WARNING - helper 140584095435712 Connection to 'https://download.qt.io' failed. Retrying with fallback 'https://www.nic.funet.fi/pub/mirrors/download.qt-project.org/'.
2026-08-12 20:57:01,733 - aqt.installer - DEBUG - installer 140584095435712 Download URL: https://www.nic.funet.fi/pub/mirrors/download.qt-project.org/online/qtsdkrepository/linux_x64/android/qt6_663_x86_64/qt.qt6.663.qtshadertools.android_x86_64/6.6.3-0-202403191846qtshadertools-Linux-RHEL_8_8-Clang-Android-Android_ANY-X86_64.7z
2026-08-12 20:57:10,245 - aqt.installer - INFO - installer 140584095435712 Finished installation of qtshadertools-Linux-RHEL_8_8-Clang-Android-Android_ANY-X86_64.7z in 37.63608209
2026-08-12 20:57:27,384 - aqt.installer - INFO - installer 139872183598016 Finished installation of qtbase-Linux-RHEL_8_8-Clang-Android-Android_ANY-X86_64.7z in 106.13280248
2026-08-12 20:57:27,404 - aqt.installer - WARNING - installer 140594444712896 Caught ArchiveConnectionError, terminating installer workers
2026-08-12 20:57:27,412 - aqt.main - ERROR - installer 140594444712896 Connection error: (MaxRetryError("HTTPSConnectionPool(host='qt-mirror.dannhauer.de', port=443): Max retries exceeded with url: /online/qtsdkrepository/linux_x64/android/qt6_663_x86_64/qt.qt6.663.android_x86_64/6.6.3-0-202403191846qtdeclarative-Linux-RHEL_8_8-Clang-Android-Android_ANY-X86_64.7z (Caused by SSLError(SSLCertVerificationError(1, '[SSL: CERTIFICATE_VERIFY_FAILED] certificate verify failed: unable to get local issuer certificate (_ssl.c:1082)')))"),)
2026-08-12 21:13:11,720 - aqt.main - INFO - installer 139632569117632 aqtinstall(aqt) v3.3.0 on Python 3.14.6 [CPython GCC 16.1.1 20260430]
2026-08-12 21:13:11,721 - aqt.main - INFO - installer 139632569117632 Found installed linux-desktop Qt at /home/lanrhyme/Qt6/6.6.3/gcc_64
2026-08-12 21:13:11,722 - aqt.helper - DEBUG - helper 139632569117632 Attempt to download checksum at https://download.qt.io/online/qtsdkrepository/linux_x64/android/qt6_663_x86_64/Updates.xml.sha256
2026-08-12 21:13:21,414 - aqt.helper - DEBUG - helper 139742808730560 Attempt to download checksum at https://download.qt.io/online/qtsdkrepository/linux_x64/android/qt6_663_x86_64/qt.qt6.663.android_x86_64/6.6.3-0-202403191846qtbase-Linux-RHEL_8_8-Clang-Android-Android_ANY-X86_64.7z.sha256
2026-08-12 21:13:21,430 - aqt.helper - DEBUG - helper 140618736012224 Attempt to download checksum at https://download.qt.io/online/qtsdkrepository/linux_x64/android/qt6_663_x86_64/qt.qt6.663.android_x86_64/6.6.3-0-202403191846qtsvg-Linux-RHEL_8_8-Clang-Android-Android_ANY-X86_64.7z.sha256
2026-08-12 21:13:21,430 - aqt.helper - DEBUG - helper 140209739856832 Attempt to download checksum at https://download.qt.io/online/qtsdkrepository/linux_x64/android/qt6_663_x86_64/qt.qt6.663.android_x86_64/6.6.3-0-202403191846qtdeclarative-Linux-RHEL_8_8-Clang-Android-Android_ANY-X86_64.7z.sha256
2026-08-12 21:13:21,449 - aqt.helper - DEBUG - helper 140030640679872 Attempt to download checksum at https://download.qt.io/online/qtsdkrepository/linux_x64/android/qt6_663_x86_64/qt.qt6.663.android_x86_64/6.6.3-0-202403191846qttools-Linux-RHEL_8_8-Clang-Android-Android_ANY-X86_64.7z.sha256
2026-08-12 21:13:24,793 - aqt.helper - INFO - helper 140209739856832 Downloading qtdeclarative...
2026-08-12 21:13:24,793 - aqt.helper - INFO - helper 140618736012224 Downloading qtsvg...
2026-08-12 21:13:24,793 - aqt.helper - INFO - helper 139742808730560 Downloading qtbase...
2026-08-12 21:13:24,794 - aqt.helper - INFO - helper 140030640679872 Downloading qttools...
2026-08-12 21:13:24,793 - aqt.installer - DEBUG - installer 140618736012224 Download URL: https://download.qt.io/online/qtsdkrepository/linux_x64/android/qt6_663_x86_64/qt.qt6.663.android_x86_64/6.6.3-0-202403191846qtsvg-Linux-RHEL_8_8-Clang-Android-Android_ANY-X86_64.7z
2026-08-12 21:13:24,793 - aqt.installer - DEBUG - installer 140209739856832 Download URL: https://download.qt.io/online/qtsdkrepository/linux_x64/android/qt6_663_x86_64/qt.qt6.663.android_x86_64/6.6.3-0-202403191846qtdeclarative-Linux-RHEL_8_8-Clang-Android-Android_ANY-X86_64.7z
2026-08-12 21:13:24,793 - aqt.installer - DEBUG - installer 139742808730560 Download URL: https://download.qt.io/online/qtsdkrepository/linux_x64/android/qt6_663_x86_64/qt.qt6.663.android_x86_64/6.6.3-0-202403191846qtbase-Linux-RHEL_8_8-Clang-Android-Android_ANY-X86_64.7z
2026-08-12 21:13:24,794 - aqt.installer - DEBUG - installer 140030640679872 Download URL: https://download.qt.io/online/qtsdkrepository/linux_x64/android/qt6_663_x86_64/qt.qt6.663.android_x86_64/6.6.3-0-202403191846qttools-Linux-RHEL_8_8-Clang-Android-Android_ANY-X86_64.7z
2026-08-12 21:13:27,271 - aqt.helper - DEBUG - helper 140209739856832 Asked to redirect(302) to: https://ftp.jaist.ac.jp/pub/qtproject/online/qtsdkrepository/linux_x64/android/qt6_663_x86_64/qt.qt6.663.android_x86_64/6.6.3-0-202403191846qtdeclarative-Linux-RHEL_8_8-Clang-Android-Android_ANY-X86_64.7z
2026-08-12 21:13:27,272 - aqt.helper - DEBUG - helper 139742808730560 Asked to redirect(302) to: https://ftp.jaist.ac.jp/pub/qtproject/online/qtsdkrepository/linux_x64/android/qt6_663_x86_64/qt.qt6.663.android_x86_64/6.6.3-0-202403191846qtbase-Linux-RHEL_8_8-Clang-Android-Android_ANY-X86_64.7z
2026-08-12 21:13:27,272 - aqt.helper - INFO - helper 140209739856832 Redirected: ftp.jaist.ac.jp
2026-08-12 21:13:27,272 - aqt.helper - INFO - helper 139742808730560 Redirected: ftp.jaist.ac.jp
2026-08-12 21:13:27,272 - aqt.helper - DEBUG - helper 140618736012224 Asked to redirect(302) to: https://ftp.jaist.ac.jp/pub/qtproject/online/qtsdkrepository/linux_x64/android/qt6_663_x86_64/qt.qt6.663.android_x86_64/6.6.3-0-202403191846qtsvg-Linux-RHEL_8_8-Clang-Android-Android_ANY-X86_64.7z
2026-08-12 21:13:27,272 - aqt.helper - INFO - helper 140618736012224 Redirected: ftp.jaist.ac.jp
2026-08-12 21:13:29,705 - aqt.helper - DEBUG - helper 140030640679872 Asked to redirect(302) to: https://ftp.jaist.ac.jp/pub/qtproject/online/qtsdkrepository/linux_x64/android/qt6_663_x86_64/qt.qt6.663.android_x86_64/6.6.3-0-202403191846qttools-Linux-RHEL_8_8-Clang-Android-Android_ANY-X86_64.7z
2026-08-12 21:13:29,706 - aqt.helper - INFO - helper 140030640679872 Redirected: ftp.jaist.ac.jp
2026-08-12 21:13:30,458 - aqt.installer - INFO - installer 140618736012224 Finished installation of qtsvg-Linux-RHEL_8_8-Clang-Android-Android_ANY-X86_64.7z in 9.02996440
2026-08-12 21:13:30,477 - aqt.helper - DEBUG - helper 140618736012224 Attempt to download checksum at https://download.qt.io/online/qtsdkrepository/linux_x64/android/qt6_663_x86_64/qt.qt6.663.android_x86_64/6.6.3-0-202403191846qttranslations-Linux-RHEL_8_8-Clang-Android-Android_ANY-X86_64.7z.sha256
2026-08-12 21:13:34,373 - aqt.helper - INFO - helper 140618736012224 Downloading qttranslations...
2026-08-12 21:13:34,373 - aqt.installer - DEBUG - installer 140618736012224 Download URL: https://download.qt.io/online/qtsdkrepository/linux_x64/android/qt6_663_x86_64/qt.qt6.663.android_x86_64/6.6.3-0-202403191846qttranslations-Linux-RHEL_8_8-Clang-Android-Android_ANY-X86_64.7z
2026-08-12 21:13:36,892 - aqt.helper - DEBUG - helper 140618736012224 Asked to redirect(302) to: https://ftp.jaist.ac.jp/pub/qtproject/online/qtsdkrepository/linux_x64/android/qt6_663_x86_64/qt.qt6.663.android_x86_64/6.6.3-0-202403191846qttranslations-Linux-RHEL_8_8-Clang-Android-Android_ANY-X86_64.7z
2026-08-12 21:13:36,892 - aqt.helper - INFO - helper 140618736012224 Redirected: ftp.jaist.ac.jp
2026-08-12 21:13:56,381 - aqt.installer - INFO - installer 140618736012224 Finished installation of qttranslations-Linux-RHEL_8_8-Clang-Android-Android_ANY-X86_64.7z in 25.90616648
2026-08-12 21:13:56,395 - aqt.helper - DEBUG - helper 140618736012224 Attempt to download checksum at https://download.qt.io/online/qtsdkrepository/linux_x64/android/qt6_663_x86_64/qt.qt6.663.qt5compat.android_x86_64/6.6.3-0-202403191846qt5compat-Linux-RHEL_8_8-Clang-Android-Android_ANY-X86_64.7z.sha256
2026-08-12 21:13:59,219 - aqt.helper - INFO - helper 140618736012224 Downloading qt5compat...
2026-08-12 21:13:59,219 - aqt.installer - DEBUG - installer 140618736012224 Download URL: https://download.qt.io/online/qtsdkrepository/linux_x64/android/qt6_663_x86_64/qt.qt6.663.qt5compat.android_x86_64/6.6.3-0-202403191846qt5compat-Linux-RHEL_8_8-Clang-Android-Android_ANY-X86_64.7z
2026-08-12 21:14:03,118 - aqt.helper - DEBUG - helper 140618736012224 Asked to redirect(302) to: https://ftp.jaist.ac.jp/pub/qtproject/online/qtsdkrepository/linux_x64/android/qt6_663_x86_64/qt.qt6.663.qt5compat.android_x86_64/6.6.3-0-202403191846qt5compat-Linux-RHEL_8_8-Clang-Android-Android_ANY-X86_64.7z
2026-08-12 21:14:03,118 - aqt.helper - INFO - helper 140618736012224 Redirected: ftp.jaist.ac.jp
2026-08-12 21:14:07,925 - aqt.installer - INFO - installer 140030640679872 Finished installation of qttools-Linux-RHEL_8_8-Clang-Android-Android_ANY-X86_64.7z in 46.48001089
2026-08-12 21:14:07,942 - aqt.helper - DEBUG - helper 140030640679872 Attempt to download checksum at https://download.qt.io/online/qtsdkrepository/linux_x64/android/qt6_663_x86_64/qt.qt6.663.qtshadertools.android_x86_64/6.6.3-0-202403191846qtshadertools-Linux-RHEL_8_8-Clang-Android-Android_ANY-X86_64.7z.sha256
2026-08-12 21:14:12,395 - aqt.helper - INFO - helper 140030640679872 Downloading qtshadertools...
2026-08-12 21:14:12,396 - aqt.installer - DEBUG - installer 140030640679872 Download URL: https://download.qt.io/online/qtsdkrepository/linux_x64/android/qt6_663_x86_64/qt.qt6.663.qtshadertools.android_x86_64/6.6.3-0-202403191846qtshadertools-Linux-RHEL_8_8-Clang-Android-Android_ANY-X86_64.7z
2026-08-12 21:14:13,466 - aqt.installer - INFO - installer 140618736012224 Finished installation of qt5compat-Linux-RHEL_8_8-Clang-Android-Android_ANY-X86_64.7z in 17.07242489
2026-08-12 21:14:15,512 - aqt.helper - DEBUG - helper 140030640679872 Asked to redirect(302) to: https://ftp.jaist.ac.jp/pub/qtproject/online/qtsdkrepository/linux_x64/android/qt6_663_x86_64/qt.qt6.663.qtshadertools.android_x86_64/6.6.3-0-202403191846qtshadertools-Linux-RHEL_8_8-Clang-Android-Android_ANY-X86_64.7z
2026-08-12 21:14:15,513 - aqt.helper - INFO - helper 140030640679872 Redirected: ftp.jaist.ac.jp
2026-08-12 21:14:25,940 - aqt.installer - INFO - installer 140030640679872 Finished installation of qtshadertools-Linux-RHEL_8_8-Clang-Android-Android_ANY-X86_64.7z in 17.99963127
2026-08-12 21:15:12,486 - aqt.installer - INFO - installer 139742808730560 Finished installation of qtbase-Linux-RHEL_8_8-Clang-Android-Android_ANY-X86_64.7z in 111.07341187
